[INFO] Scanning for projects...
[INFO] ------------------------------------------------------------------------
[INFO] Detecting the operating system and CPU architecture
[INFO] ------------------------------------------------------------------------
[INFO] os.detected.name: osx
[INFO] os.detected.arch: aarch_64
[INFO] os.detected.bitness: 64
[INFO] os.detected.version: 15.6
[INFO] os.detected.version.major: 15
[INFO] os.detected.version.minor: 6
[INFO] os.detected.classifier: osx-aarch_64
[INFO] 
[INFO] --------------< dev.coms4156.project:metadetect-service >---------------
[INFO] Building MetaDetect AI Image Detection Service 0.1.0
[INFO]   from pom.xml
[INFO] --------------------------------[ jar ]---------------------------------
[INFO] 
[INFO] >>> pmd:3.21.2:check (default-cli) > :pmd @ metadetect-service >>>
[INFO] 
[INFO] --- pmd:3.21.2:pmd (pmd) @ metadetect-service ---
[WARNING] Unable to locate Source XRef to link to - DISABLED
[INFO] PMD version: 6.55.0
[INFO] Rendering content with org.apache.maven.skins:maven-default-skin:jar:1.3 skin.
[INFO] 
[INFO] <<< pmd:3.21.2:check (default-cli) < :pmd @ metadetect-service <<<
[INFO] 
[INFO] 
[INFO] --- pmd:3.21.2:check (default-cli) @ metadetect-service ---
[INFO] PMD version: 6.55.0
[INFO] 
[INFO] ------------------------------------------------------------------------
[INFO] BUILD SUCCESS
[INFO] ------------------------------------------------------------------------
[INFO] Total time:  1.999 s
[INFO] Finished at: 2025-11-29T12:23:45-05:00
[INFO] ------------------------------------------------------------------------
